// Jest Snapshot v1, https://goo.gl/fbAQLP

exports[`Home SnapShot test  1`] = `
<div>
  <section
    className="middle"
  >
    <h2>
      WELCOME TO OUR PAGE!
    </h2>
    <p
      className="home-text"
    >
      Lorem ipsum dolor sit amet consectetur adipisicing elit. Nulla, earum impedit vitae illum et est Lorem ipsum dolor sit amet consectetur adipisicing elit. Modi sit quia, laudantium fugiat animi laboriosam molestias excepturi error, tenetur deleniti maxime dicta corrupti quasi non perspiciatis deserunt porro blanditiis architecto natus autem reiciendis consequatur quae. Veniam saepe delectus, reiciendis quae commodi magnam nostrum quas iusto rerum. Numquam,
    </p>
    <p
      className="home-text"
    >
      Lorem ipsum dolor sit amet consectetur adipisicing elit. Nulla, earum impedit vitae illum et est Lorem ipsum dolor sit amet consectetur adipisicing elit. Modi sit quia, laudantium fugiat animi laboriosam molestias excepturi error, tenetur deleniti maxime dicta corrupti quasi non perspiciatis deserunt porro blanditiis architecto natus autem reiciendis consequatur quae. Veniam saepe delectus, reiciendis quae commodi magnam nostrum quas iusto rerum. Numquam,
    </p>
  </section>
</div>
`;
